// Jest Snapshot v1, https://goo.gl/fbAQLP

exports[`Button 测试 是个 div 1`] = `
<div>
  Button
</div>
`;
